exports[`test reducer 1`] = `Object {}`;

exports[`test reducer 2`] = `
Object {
  "project-foo": Object {
    "pageIndex": 1,
    "pageSize": 100,
    "total": 3,
  },
}
`;

exports[`test reducer 3`] = `
Object {
  "project-foo": Object {
    "pageIndex": 2,
    "pageSize": 30,
    "total": 5,
  },
}
`;
