exports[`test render line 0 1`] = `
<td
  className="source-meta source-line-number" />
`;

exports[`test render line 3 1`] = `
<td
  className="source-meta source-line-number"
  data-line-number={3}
  onClick={[Function]}
  role="button"
  tabIndex={0} />
`;
