exports[`test render issues list 1`] = `
<div
  className="issue-list">
  <Connect(Connect(Issue))
    issueKey="foo"
    onClick={[Function]}
    selected={true} />
  <Connect(Connect(Issue))
    issueKey="bar"
    onClick={[Function]}
    selected={false} />
</div>
`;
